// Jest Snapshot v1, https://goo.gl/fbAQLP

exports[`App Jest Example renders correctl 1`] = `
<div>
  React Simple Starter
</div>
`;
